// Jest Snapshot v1, https://goo.gl/fbAQLP

exports[`<Home /> render itself 1`] = `
ShallowWrapper {
  Symbol(enzyme.__root__): [Circular],
  Symbol(enzyme.__unrendered__): <HomeContainer
    fetchTrendingGifs={
      [MockFunction] {
        "calls": Array [
          Array [],
        ],
        "results": Array [
          Object {
            "isThrow": false,
            "value": undefined,
          },
        ],
      }
    }
    search={
      Object {
        "loading": true,
        "status": 0,
      }
    }
  />,
  Symbol(enzyme.__renderer__): Object {
    "batchedUpdates": [Function],
    "checkPropTypes": [Function],
    "getNode": [Function],
    "render": [Function],
    "simulateError": [Function],
    "simulateEvent": [Function],
    "unmount": [Function],
  },
  Symbol(enzyme.__node__): Object {
    "instance": null,
    "key": undefined,
    "nodeType": "function",
    "props": Object {
      "children": Array [
        <GifList
          title="Favorites"
        />,
        <Grid>
          <GridRow
            className="headerWrapper"
          >
            <GridColumn
              verticalAlign="middle"
              width={3}
            >
              <Header
                as="h1"
                className="h1"
              >
                GIPHY UI
              </Header>
            </GridColumn>
            <GridColumn
              width={13}
            >
              <Input
                icon="search"
                loading={true}
                name="searchStr"
                onChange={[Function]}
                placeholder="Write a keyword to search a GIF"
                type="text"
                value=""
              />
            </GridColumn>
          </GridRow>
        </Grid>,
        <Loader
          classes="searchLoader"
        />,
      ],
    },
    "ref": null,
    "rendered": Array [
      Object {
        "instance": null,
        "key": undefined,
        "nodeType": "function",
        "props": Object {
          "favorites": undefined,
          "gifsToShow": undefined,
          "onAddFavorite": undefined,
          "onRemoveFavorite": undefined,
          "title": "Favorites",
        },
        "ref": null,
        "rendered": null,
        "type": [Function],
      },
      Object {
        "instance": null,
        "key": undefined,
        "nodeType": "function",
        "props": Object {
          "children": <GridRow
            className="headerWrapper"
          >
            <GridColumn
              verticalAlign="middle"
              width={3}
            >
              <Header
                as="h1"
                className="h1"
              >
                GIPHY UI
              </Header>
            </GridColumn>
            <GridColumn
              width={13}
            >
              <Input
                icon="search"
                loading={true}
                name="searchStr"
                onChange={[Function]}
                placeholder="Write a keyword to search a GIF"
                type="text"
                value=""
              />
            </GridColumn>
          </GridRow>,
        },
        "ref": null,
        "rendered": Object {
          "instance": null,
          "key": undefined,
          "nodeType": "function",
          "props": Object {
            "children": Array [
              <GridColumn
                verticalAlign="middle"
                width={3}
              >
                <Header
                  as="h1"
                  className="h1"
                >
                  GIPHY UI
                </Header>
              </GridColumn>,
              <GridColumn
                width={13}
              >
                <Input
                  icon="search"
                  loading={true}
                  name="searchStr"
                  onChange={[Function]}
                  placeholder="Write a keyword to search a GIF"
                  type="text"
                  value=""
                />
              </GridColumn>,
            ],
            "className": "headerWrapper",
          },
          "ref": null,
          "rendered": Array [
            Object {
              "instance": null,
              "key": undefined,
              "nodeType": "function",
              "props": Object {
                "children": <Header
                  as="h1"
                  className="h1"
                >
                  GIPHY UI
                </Header>,
                "verticalAlign": "middle",
                "width": 3,
              },
              "ref": null,
              "rendered": Object {
                "instance": null,
                "key": undefined,
                "nodeType": "function",
                "props": Object {
                  "as": "h1",
                  "children": "GIPHY UI",
                  "className": "h1",
                },
                "ref": null,
                "rendered": "GIPHY UI",
                "type": [Function],
              },
              "type": [Function],
            },
            Object {
              "instance": null,
              "key": undefined,
              "nodeType": "function",
              "props": Object {
                "children": <Input
                  icon="search"
                  loading={true}
                  name="searchStr"
                  onChange={[Function]}
                  placeholder="Write a keyword to search a GIF"
                  type="text"
                  value=""
                />,
                "width": 13,
              },
              "ref": null,
              "rendered": Object {
                "instance": null,
                "key": undefined,
                "nodeType": "class",
                "props": Object {
                  "icon": "search",
                  "loading": true,
                  "name": "searchStr",
                  "onChange": [Function],
                  "placeholder": "Write a keyword to search a GIF",
                  "results": undefined,
                  "type": "text",
                  "value": "",
                },
                "ref": null,
                "rendered": null,
                "type": [Function],
              },
              "type": [Function],
            },
          ],
          "type": [Function],
        },
        "type": [Function],
      },
      Object {
        "instance": null,
        "key": undefined,
        "nodeType": "function",
        "props": Object {
          "classes": "searchLoader",
        },
        "ref": null,
        "rendered": null,
        "type": [Function],
      },
    ],
    "type": [Function],
  },
  Symbol(enzyme.__nodes__): Array [
    Object {
      "instance": null,
      "key": undefined,
      "nodeType": "function",
      "props": Object {
        "children": Array [
          <GifList
            title="Favorites"
          />,
          <Grid>
            <GridRow
              className="headerWrapper"
            >
              <GridColumn
                verticalAlign="middle"
                width={3}
              >
                <Header
                  as="h1"
                  className="h1"
                >
                  GIPHY UI
                </Header>
              </GridColumn>
              <GridColumn
                width={13}
              >
                <Input
                  icon="search"
                  loading={true}
                  name="searchStr"
                  onChange={[Function]}
                  placeholder="Write a keyword to search a GIF"
                  type="text"
                  value=""
                />
              </GridColumn>
            </GridRow>
          </Grid>,
          <Loader
            classes="searchLoader"
          />,
        ],
      },
      "ref": null,
      "rendered": Array [
        Object {
          "instance": null,
          "key": undefined,
          "nodeType": "function",
          "props": Object {
            "favorites": undefined,
            "gifsToShow": undefined,
            "onAddFavorite": undefined,
            "onRemoveFavorite": undefined,
            "title": "Favorites",
          },
          "ref": null,
          "rendered": null,
          "type": [Function],
        },
        Object {
          "instance": null,
          "key": undefined,
          "nodeType": "function",
          "props": Object {
            "children": <GridRow
              className="headerWrapper"
            >
              <GridColumn
                verticalAlign="middle"
                width={3}
              >
                <Header
                  as="h1"
                  className="h1"
                >
                  GIPHY UI
                </Header>
              </GridColumn>
              <GridColumn
                width={13}
              >
                <Input
                  icon="search"
                  loading={true}
                  name="searchStr"
                  onChange={[Function]}
                  placeholder="Write a keyword to search a GIF"
                  type="text"
                  value=""
                />
              </GridColumn>
            </GridRow>,
          },
          "ref": null,
          "rendered": Object {
            "instance": null,
            "key": undefined,
            "nodeType": "function",
            "props": Object {
              "children": Array [
                <GridColumn
                  verticalAlign="middle"
                  width={3}
                >
                  <Header
                    as="h1"
                    className="h1"
                  >
                    GIPHY UI
                  </Header>
                </GridColumn>,
                <GridColumn
                  width={13}
                >
                  <Input
                    icon="search"
                    loading={true}
                    name="searchStr"
                    onChange={[Function]}
                    placeholder="Write a keyword to search a GIF"
                    type="text"
                    value=""
                  />
                </GridColumn>,
              ],
              "className": "headerWrapper",
            },
            "ref": null,
            "rendered": Array [
              Object {
                "instance": null,
                "key": undefined,
                "nodeType": "function",
                "props": Object {
                  "children": <Header
                    as="h1"
                    className="h1"
                  >
                    GIPHY UI
                  </Header>,
                  "verticalAlign": "middle",
                  "width": 3,
                },
                "ref": null,
                "rendered": Object {
                  "instance": null,
                  "key": undefined,
                  "nodeType": "function",
                  "props": Object {
                    "as": "h1",
                    "children": "GIPHY UI",
                    "className": "h1",
                  },
                  "ref": null,
                  "rendered": "GIPHY UI",
                  "type": [Function],
                },
                "type": [Function],
              },
              Object {
                "instance": null,
                "key": undefined,
                "nodeType": "function",
                "props": Object {
                  "children": <Input
                    icon="search"
                    loading={true}
                    name="searchStr"
                    onChange={[Function]}
                    placeholder="Write a keyword to search a GIF"
                    type="text"
                    value=""
                  />,
                  "width": 13,
                },
                "ref": null,
                "rendered": Object {
                  "instance": null,
                  "key": undefined,
                  "nodeType": "class",
                  "props": Object {
                    "icon": "search",
                    "loading": true,
                    "name": "searchStr",
                    "onChange": [Function],
                    "placeholder": "Write a keyword to search a GIF",
                    "results": undefined,
                    "type": "text",
                    "value": "",
                  },
                  "ref": null,
                  "rendered": null,
                  "type": [Function],
                },
                "type": [Function],
              },
            ],
            "type": [Function],
          },
          "type": [Function],
        },
        Object {
          "instance": null,
          "key": undefined,
          "nodeType": "function",
          "props": Object {
            "classes": "searchLoader",
          },
          "ref": null,
          "rendered": null,
          "type": [Function],
        },
      ],
      "type": [Function],
    },
  ],
  Symbol(enzyme.__options__): Object {
    "adapter": ReactSixteenAdapter {
      "options": Object {
        "enableComponentDidUpdateOnSetState": true,
        "legacyContextMode": "parent",
        "lifecycles": Object {
          "componentDidUpdate": Object {
            "onSetState": true,
          },
          "getChildContext": Object {
            "calledByRenderer": false,
          },
          "getDerivedStateFromProps": Object {
            "hasShouldComponentUpdateBug": false,
          },
          "getSnapshotBeforeUpdate": true,
          "setState": Object {
            "skipsComponentDidUpdateOnNullish": true,
          },
        },
      },
    },
  },
  Symbol(enzyme.__childContext__): null,
}
`;
